exports[`test renders without crashing 1`] = `
<div
  className="bcTBmH">
  <div
    className="igXHqs"
    id="row-0">
    <span
      className="kNuHNb"
      id="col-0-0" />
    <span
      className="kNuHNb"
      id="col-0-1" />
    <span
      className="kNuHNb"
      id="col-0-2" />
  </div>
  <div
    className="igXHqs"
    id="row-1">
    <span
      className="kNuHNb"
      id="col-1-0" />
    <span
      className="kNuHNb"
      id="col-1-1" />
    <span
      className="kNuHNb"
      id="col-1-2" />
  </div>
  <div
    className="igXHqs"
    id="row-2">
    <span
      className="kNuHNb"
      id="col-2-0" />
    <span
      className="kNuHNb"
      id="col-2-1" />
    <span
      className="kNuHNb"
      id="col-2-2" />
  </div>
</div>
`;
